[2025-11-22T01:17:25.320Z] 
📥 Request ID: 1763774245320
[2025-11-22T01:17:25.321Z] 📥 Request: Newark, NJ / Mountains, Parties, Gaming
[2025-11-22T01:17:25.321Z] 
📍 Generating itinerary for Mountains, Parties, Gaming in Newark, NJ
[2025-11-22T01:17:25.331Z] 🔍 Searching activities: Newark, NJ Mountains, Parties, Gaming attractions activities places to visit things to do November 22, 2025 to November 23, 2025
[2025-11-22T01:17:28.990Z] 
================================================================================
[2025-11-22T01:17:28.991Z] 🔍 ACTIVITY SEARCH
[2025-11-22T01:17:28.991Z] Query: Newark, NJ Mountains, Parties, Gaming attractions activities places to visit things to do November 22, 2025 to November 23, 2025
[2025-11-22T01:17:28.991Z] Results count: 10
[2025-11-22T01:17:28.991Z] ================================================================================

[2025-11-22T01:17:28.992Z] 📁 Full search results saved to: search_activity_2025-11-22T01-17-25-320Z_1763774245320.json
[2025-11-22T01:17:28.992Z] 🔍 Searching events: Newark, NJ Mountains, Parties, Gaming networking events conferences meetups competitions November 22, 2025 to November 23, 2025
[2025-11-22T01:17:30.519Z] 
================================================================================
[2025-11-22T01:17:30.520Z] 🔍 EVENT SEARCH
[2025-11-22T01:17:30.520Z] Query: Newark, NJ Mountains, Parties, Gaming networking events conferences meetups competitions November 22, 2025 to November 23, 2025
[2025-11-22T01:17:30.520Z] Results count: 10
[2025-11-22T01:17:30.520Z] ================================================================================

[2025-11-22T01:17:30.520Z] 📁 Full search results saved to: search_event_2025-11-22T01-17-25-320Z_1763774245320.json
[2025-11-22T01:17:31.884Z] 
📄 Scraping [1/6]: https://www.njfamily.com/best-things-to-do-in-new-jersey-this-weekend-november-21-23-2025/
[2025-11-22T01:17:31.884Z] Type: activity
[2025-11-22T01:17:31.885Z] Content length: 66239 characters
[2025-11-22T01:17:34.456Z] 
📄 Scraping [2/6]: https://www.tripadvisor.com/Attractions-g46671-Activities-Newark_New_Jersey.html
[2025-11-22T01:17:34.456Z] Type: activity
[2025-11-22T01:17:34.457Z] Content length: 132932 characters
[2025-11-22T01:17:35.100Z] 
📄 Scraping [3/6]: https://www.newarkhappening.com/events/calendar/?startDate=11%2F21%2F2025&endDate=11%2F23%2F2025&sort=title
[2025-11-22T01:17:35.100Z] Type: activity
[2025-11-22T01:17:35.100Z] Content length: 31326 characters
[2025-11-22T01:17:36.008Z] 
📄 Scraping [4/6]: https://www.newarkhappening.com/events/calendar/?skip=0&startDate=11%2F20%2F2025&endDate=11%2F26%2F2025&sort=date
[2025-11-22T01:17:36.008Z] Type: event
[2025-11-22T01:17:36.008Z] Content length: 31326 characters
[2025-11-22T01:17:37.631Z] 
📄 Scraping [5/6]: https://www.newarknj.gov/Calendar.aspx?EID=1030
[2025-11-22T01:17:37.632Z] Type: event
[2025-11-22T01:17:37.632Z] Content length: 4559 characters
[2025-11-22T01:17:40.679Z] 
📄 Scraping [6/6]: https://www.eventbrite.sg/d/nj--newark/conferences/
[2025-11-22T01:17:40.679Z] Type: event
[2025-11-22T01:17:40.680Z] Content length: 49233 characters
[2025-11-22T01:17:40.680Z] 
✅ Successfully scraped 6 pages
[2025-11-22T01:17:40.681Z] 
================================================================================
[2025-11-22T01:17:40.681Z] 🤖 AI PROMPT
[2025-11-22T01:17:40.682Z] Prompt length: 13888 characters
[2025-11-22T01:17:40.682Z] ================================================================================

[2025-11-22T01:17:40.682Z] 📁 Full AI prompt saved to: ai_prompt_2025-11-22T01-17-25-320Z_1763774245320.txt
[2025-11-22T01:18:20.325Z] 
================================================================================
[2025-11-22T01:18:20.325Z] 🤖 AI RESPONSE
[2025-11-22T01:18:20.325Z] Response length: 5853 characters
[2025-11-22T01:18:20.325Z] ================================================================================

[2025-11-22T01:18:20.326Z] 📁 Full AI response saved to: ai_response_2025-11-22T01-17-25-320Z_1763774245320.txt
[2025-11-22T01:18:20.326Z] 
✅ Final itinerary generated with undefined items
[2025-11-22T01:18:20.332Z] 
📦 Complete log data saved to: itinerary_2025-11-22T01-17-25-320Z_1763774245320.json
[2025-11-22T01:18:20.332Z] 📂 All logs saved in: /Users/liuqiming/Desktop/YiVerse/naviya/lib/itinerary-server/logs
