[2025-11-22T01:16:30.677Z] 
📥 Request ID: 1763774190677
[2025-11-22T01:16:30.678Z] 📥 Request: Newark, NJ / Mountains, Parties, Gaming
[2025-11-22T01:16:30.678Z] 
📍 Generating itinerary for Mountains, Parties, Gaming in Newark, NJ
[2025-11-22T01:16:30.708Z] 🔍 Searching activities: Newark, NJ Mountains, Parties, Gaming attractions activities places to visit things to do November 22, 2025 to November 23, 2025
[2025-11-22T01:16:33.057Z] 
================================================================================
[2025-11-22T01:16:33.059Z] 🔍 ACTIVITY SEARCH
[2025-11-22T01:16:33.059Z] Query: Newark, NJ Mountains, Parties, Gaming attractions activities places to visit things to do November 22, 2025 to November 23, 2025
[2025-11-22T01:16:33.059Z] Results count: 10
[2025-11-22T01:16:33.059Z] ================================================================================

[2025-11-22T01:16:33.059Z] 📁 Full search results saved to: search_activity_2025-11-22T01-16-30-677Z_1763774190677.json
[2025-11-22T01:16:33.059Z] 🔍 Searching events: Newark, NJ Mountains, Parties, Gaming networking events conferences meetups competitions November 22, 2025 to November 23, 2025
[2025-11-22T01:16:34.415Z] 
================================================================================
[2025-11-22T01:16:34.415Z] 🔍 EVENT SEARCH
[2025-11-22T01:16:34.415Z] Query: Newark, NJ Mountains, Parties, Gaming networking events conferences meetups competitions November 22, 2025 to November 23, 2025
[2025-11-22T01:16:34.415Z] Results count: 10
[2025-11-22T01:16:34.415Z] ================================================================================

[2025-11-22T01:16:34.416Z] 📁 Full search results saved to: search_event_2025-11-22T01-16-30-677Z_1763774190677.json
[2025-11-22T01:16:36.881Z] 
📄 Scraping [1/6]: https://www.tripadvisor.com/Attractions-g46671-Activities-Newark_New_Jersey.html
[2025-11-22T01:16:36.881Z] Type: activity
[2025-11-22T01:16:36.881Z] Content length: 130384 characters
[2025-11-22T01:16:36.881Z] ❌ Failed to scrape https://www.tripadvisor.com/Attractions-g46671-Activities-Newark_New_Jersey.html: scrapeFile is not defined
[2025-11-22T01:16:40.428Z] 
📄 Scraping [2/6]: https://www.newarkhappening.com/events/
[2025-11-22T01:16:40.430Z] Type: activity
[2025-11-22T01:16:40.431Z] Content length: 42455 characters
[2025-11-22T01:16:40.431Z] ❌ Failed to scrape https://www.newarkhappening.com/events/: scrapeFile is not defined
[2025-11-22T01:16:59.032Z] 
📄 Scraping [3/6]: https://www.yelp.com/search?find_desc=Fun+Places+To+Go&find_loc=Newark%2C+NJ
[2025-11-22T01:16:59.033Z] Type: activity
[2025-11-22T01:16:59.033Z] Content length: 36090 characters
[2025-11-22T01:16:59.033Z] ❌ Failed to scrape https://www.yelp.com/search?find_desc=Fun+Places+To+Go&find_loc=Newark%2C+NJ: scrapeFile is not defined
[2025-11-22T01:17:00.310Z] 
📄 Scraping [4/6]: https://www.newarknj.gov/Calendar.aspx?EID=1030
[2025-11-22T01:17:00.310Z] Type: event
[2025-11-22T01:17:00.310Z] Content length: 4559 characters
[2025-11-22T01:17:00.311Z] ❌ Failed to scrape https://www.newarknj.gov/Calendar.aspx?EID=1030: scrapeFile is not defined
[2025-11-22T01:17:02.462Z] 
📄 Scraping [5/6]: https://www.cvent.com/venues/teaneck/hotel/teaneck-marriott-at-glenpointe-fully-renovated-event-space/venue-080e6004-9538-43f4-b08e-e7b3cfb0347b
[2025-11-22T01:17:02.462Z] Type: event
[2025-11-22T01:17:02.463Z] Content length: 46707 characters
[2025-11-22T01:17:02.463Z] ❌ Failed to scrape https://www.cvent.com/venues/teaneck/hotel/teaneck-marriott-at-glenpointe-fully-renovated-event-space/venue-080e6004-9538-43f4-b08e-e7b3cfb0347b: scrapeFile is not defined
[2025-11-22T01:17:07.209Z] 
📄 Scraping [6/6]: https://www.eventbrite.sg/d/nj--newark/conferences/
[2025-11-22T01:17:07.210Z] Type: event
[2025-11-22T01:17:07.210Z] Content length: 49233 characters
[2025-11-22T01:17:07.210Z] ❌ Failed to scrape https://www.eventbrite.sg/d/nj--newark/conferences/: scrapeFile is not defined
[2025-11-22T01:17:07.210Z] 
✅ Successfully scraped 6 pages
[2025-11-22T01:17:07.211Z] 
================================================================================
[2025-11-22T01:17:07.211Z] 🤖 AI PROMPT
[2025-11-22T01:17:07.211Z] Prompt length: 13837 characters
[2025-11-22T01:17:07.211Z] ================================================================================

[2025-11-22T01:17:07.211Z] 📁 Full AI prompt saved to: ai_prompt_2025-11-22T01-16-30-677Z_1763774190677.txt
